// Jest Snapshot v1, https://goo.gl/fbAQLP

exports[`OwnerTile should render as per the snapshot 1`] = `
<article
  className="tile notification is-child is-3 is-light is-paddingless"
>
  <div
    className="card is-paddingless"
    outlined={true}
  >
    <div
      className="card-header"
      outlined={true}
    >
      <div
        className="card-header-title"
      >
        First
         
        Last
      </div>
    </div>
    <div
      className="card-content"
      color="light"
    >
      <h1
        className="subtitle is-6"
      >
        1
         pets
      </h1>
      <div
        className="content"
      >
        <h1
          className="title is-6 is-marginless"
        >
          Address:
        </h1>
        <p>
          1234 Main St.
          <br />
          Cupertino
          , 
          CA
        </p>
      </div>
      <div
        className="content is-small"
      >
        <h1
          className="title is-6 is-marginless"
        >
          Phone:
        </h1>
        <p>
          408-555-1212
        </p>
      </div>
    </div>
  </div>
</article>
`;
