// Jest Snapshot v1, https://goo.gl/fbAQLP

exports[`VetTile should render as per the snapshot 1`] = `
<div
  className="tile is-3"
>
  <div
    className="card is-paddingless"
    outlined="true"
    rounded="true"
  >
    <div
      className="card-header"
      outlined="true"
    >
      <div
        className="card-header-title"
      >
        First
         
        Last
      </div>
    </div>
    <div
      className="card-content"
      color="light"
    >
      <div
        className="content is-medium"
      >
        <p />
      </div>
      <div
        className="content"
      >
        <h1
          className="title is-6 is-marginless"
        >
          Address
        </h1>
        <p>
          1234 Main St
          <br />
          Cupertino
          , 
          CA
        </p>
      </div>
      <div
        className="content is-small"
      >
        <p>
          (408) 555-1212
        </p>
      </div>
      <div
        className="content is-small"
      >
        <p>
          Hours: 
          8:00 AM - 5:00 PM
        </p>
      </div>
    </div>
    <div
      className="card-footer"
    >
      <div>
        <button
          className="is-primary is-small button"
          data-testid="modal-open"
          disabled={false}
          onClick={[Function]}
          style={
            Object {
              "marginLeft": "20px",
              "marginRight": "10px",
            }
          }
          tabIndex={0}
        >
          Update
        </button>
        <form
          data-testid="form"
          onSubmit={[Function]}
        />
      </div>
      <button
        className="is-danger is-small button"
        disabled={false}
        onClick={[Function]}
        style={
          Object {
            "marginLeft": "10px",
            "marginRight": "10px",
          }
        }
        tabIndex={0}
      >
        Delete
      </button>
    </div>
  </div>
</div>
`;
