// Jest Snapshot v1, https://goo.gl/fbAQLP

exports[`OwnerTile should render as per the snapshot 1`] = `
<article
  className="tile notification is-child is-3 is-light"
  style={
    Object {
      "padding": "10px 20px 10px 20px",
    }
  }
>
  <div
    className="card is-paddingless"
    outlined="true"
    rounded="true"
  >
    <div
      className="card-header"
      outlined="true"
    >
      <div
        className="card-header-title"
      >
        First
         
        Last
      </div>
    </div>
    <div
      className="card-content"
      color="light"
    >
      <div
        className="content is-small"
      >
        <p>
          Cupertino
          , 
          CA
        </p>
      </div>
      <h1
        className="subtitle is-4"
      >
        <span
          className={null}
          style={Object {}}
        >
          1 pet
        </span>
      </h1>
    </div>
    <div
      className="card-footer"
    >
      <div>
        <button
          className="is-info is-small is-rounded button"
          disabled={false}
          onClick={[Function]}
          tabIndex={0}
        >
          Details
        </button>
      </div>
      <div>
        <button
          className="is-warning is-small is-rounded button"
          data-testid="modal-open"
          disabled={false}
          onClick={[Function]}
          tabIndex={0}
        >
          Update
        </button>
        <form
          data-testid="form"
          onSubmit={[Function]}
        />
      </div>
      <button
        className="is-danger is-small is-rounded button"
        data-testid="delete-button"
        disabled={false}
        onClick={[Function]}
        tabIndex={0}
      >
        Delete
      </button>
    </div>
  </div>
</article>
`;
